т%Йт•‡8Gчъq9dЧН‚Кц­Ђ…Ћ№BХиЃkpат%Йт•‡8Gчъq9dЧН‚Кц­Ђ…Ћ№BХиЃkpат%Йт•‡8Gчъq9dЧН‚Кц­Ђ…Ћ№BХиЃkpат%Йт•‡8Gчъq9dЧН‚Кц­Ђ…Ћ№BХиЃkpат%Йт•‡8Gчъq9dЧН‚Кц­Ђ…Ћ№BХиЃkpат%Йт•‡8Gчъq9dЧН‚Кц­Ђ…Ћ№BХиЃkpат%Йт•‡8Gчъq9dЧН‚Кц­Ђ…Ћ№BХиЃkpат%Йт•‡8Gчъq9dЧН‚Кц­Ђ…Ћ№BХиЃkpат%Йт•‡8Gчъq9dЧН‚Кц­Ђ…Ћ№BХиЃkpат%Йт•‡8Gчъq9dЧН‚Кц­Ђ…Ћ№BХиЃkpат%Йт•‡8Gчъq9dЧН‚Кц­Ђ…Ћ№BХиЃkpат%Йт•‡8Gчъq9dЧН‚Кц­Ђ…Ћ№BХиЃkpат%Йт•‡8Gчъq9dЧН‚Кц­Ђ…Ћ№BХиЃkpат%Йт•‡8Gчъq9dЧН‚Кц­Ђ…Ћ№BХиЃkpат%Йт•‡8Gчъq9dЧН‚Кц­Ђ…Ћ№BХиЃkpат%Йт•‡8Gчъq9dЧН‚Кц­Ђ…Ћ№BХиЃkpа