BæÜ•y…vˆ2¶0!DBæÜ•y…vˆ2¶0!DBæÜ•y…vˆ2¶0!DBæÜ•y…vˆ2¶0!DBæÜ•y…vˆ2¶0!DBæÜ•y…vˆ2¶0!DBæÜ•y…vˆ2¶0!DBæÜ•y…vˆ2¶0!DBæÜ•y…vˆ2¶0!DBæÜ•y…vˆ2¶0!DBæÜ•y…vˆ2¶0!DBæÜ•y…vˆ2¶0!DBæÜ•y…vˆ2¶0!DBæÜ•y…vˆ2¶0!DBæÜ•y…vˆ2¶0!DBæÜ•y…vˆ2¶0!DBæÜ•y…vˆ2¶0!DBæÜ•y…vˆ2¶0!DBæÜ•y…vˆ2¶0!DBæÜ•y…vˆ2¶0!DBæÜ•y…vˆ2¶0!DBæÜ•y…vˆ2¶0!DBæÜ•y…vˆ2¶0!DBæÜ•y…vˆ2¶0!DBæÜ•y…vˆ2¶0!DBæÜ•y…vˆ2¶0!DBæÜ•y…vˆ2¶0!DBæÜ•y…vˆ2¶0!DBæÜ•y…vˆ2¶0!DBæÜ•y…vˆ2¶0!DBæÜ•y…vˆ2¶0!DBæÜ•y…vˆ2¶0!D